Microchip MPLAB XC8 Compiler V2.40

Linker command line:

-W-3 \
  --edf=E:\Program Files\Microchip\xc8\v2.40\pic\dat\20220703182018_en.msgs \
  -cn -h+dist/default/production\ed2_1.X.production.sym \
  --cmf=dist/default/production\ed2_1.X.production.cmf -z -Q16F887 \
  -oC:\Users\lemus\AppData\Local\Temp\xcAsfs0.4 --defsym=__MPLAB_BUILD=1 \
  --fixupoverflow=error -Mdist/default/production/ed2_1.X.production.map \
  --md=C:\Users\lemus\AppData\Local\Temp\xcAsfs0.dat -E1 -ver=XC8 Compiler \
  --acfsm=1493 -ACODE=00h-07FFhx4 -ASTRCODE=00h-01FFFh -ASTRING=00h-0FFhx32 \
  -ACONST=00h-0FFhx32 -AENTRY=00h-0FFhx32 -ACOMMON=070h-07Fh \
  -ABANK0=020h-06Fh -ABANK1=0A0h-0EFh -ABANK2=0110h-016Fh \
  -ABANK3=0190h-01EFh -ARAM=020h-06Fh,0A0h-0EFh,0110h-016Fh,0190h-01EFh \
  -AABS1=020h-07Fh,0A0h-0EFh,0110h-016Fh,0190h-01EFh -ASFR0=00h-01Fh \
  -ASFR1=080h-09Fh -ASFR2=0100h-010Fh -ASFR3=0180h-018Fh \
  -ACONFIG=02007h-02008h -DCONFIG=2 -AIDLOC=02000h-02003h -DIDLOC=2 \
  -AEEDATA=00h-0FFh/02100h -peeprom_data=EEDATA -DEEDATA=2 -DCODE=2 \
  -DSTRCODE=2 -DSTRING=2 -DCONST=2 -DENTRY=2 \
  -preset_vec=00h,intentry=04h,init,end_init -ppowerup=CODE -pcinit=CODE \
  -pfunctab=ENTRY -k C:\Users\lemus\AppData\Local\Temp\xcAsfs0.o \
  dist/default/production\ed2_1.X.production.o 

Object code version is 3.11

Machine type is 16F887



                Name                               Link     Load   Length Selector   Space Scale
C:\Users\lemus\AppData\Local\Temp\xcAsfs0.o
                end_init                              E        E        3        8       0
                reset_vec                             0        0        3        0       0
                config                             2007     2007        2        0       4
                idloc                              2000     2000        4        0       5
dist/default/production\ed2_1.X.production.o
                cinit                                11       11       22        8       0
                intentry                              4        4        A        8       0
                config                             2007     2007        2        0       4
                idloc                              2000     2000        4        0       5
                text33                              224      224        E        8       0
                text32                              189      189       32        8       0
                text31                              1E0      1E0       21        8       0
                text30                              137      137       52        8       0
                text29                              2A1      2A1        4        8       0
                text28                              24C      24C        7        8       0
                text27                              268      268        5        8       0
                text26                              29D      29D        4        8       0
                text25                              232      232        B        8       0
                text24                              263      263        5        8       0
                text23                              2AB      2AB        2        8       0
                text22                              253      253        6        8       0
                text21                              25E      25E        5        8       0
                text20                              259      259        5        8       0
                text19                              299      299        4        8       0
                text18                               CE       CE       69        8       0
                text17                              1BB      1BB       25        8       0
                text16                              2A9      2A9        2        8       0
                text15                              23D      23D        8        8       0
                text14                              295      295        4        8       0
                text13                              291      291        4        8       0
                text12                              245      245        7        8       0
                text11                              2A7      2A7        2        8       0
                text10                              28D      28D        4        8       0
                text9                               289      289        4        8       0
                text8                               285      285        4        8       0
                text7                               281      281        4        8       0
                text6                               2A5      2A5        2        8       0
                text5                               27D      27D        4        8       0
                text4                               279      279        4        8       0
                text3                               275      275        4        8       0
                text2                               271      271        4        8       0
                text1                               26D      26D        4        8       0
                maintext                             33       33       9B        8       0
                cstackBANK0                          30       30        B       20       1
                cstackCOMMON                         70       70        7       70       1
                inittext                            201      201       13        8       0
                dataBANK0                            20       20       10       20       1
                bssBANK0                             3B       3B        A       20       1
                bssCOMMON                            77       77        6       70       1
                idataBANK0                          214      214       10        8       0

TOTAL           Name                               Link     Load   Length     Space
        CLASS   CODE           
                end_init                              E        E        3         0
                cinit                                11       11       22         0
                intentry                              4        4        A         0
                reset_vec                             0        0        3         0
                text33                              224      224        E         0
                text32                              189      189       32         0
                text31                              1E0      1E0       21         0
                text30                              137      137       52         0
                text29                              2A1      2A1        4         0
                text28                              24C      24C        7         0
                text27                              268      268        5         0
                text26                              29D      29D        4         0
                text25                              232      232        B         0
                text24                              263      263        5         0
                text23                              2AB      2AB        2         0
                text22                              253      253        6         0
                text21                              25E      25E        5         0
                text20                              259      259        5         0
                text19                              299      299        4         0
                text18                               CE       CE       69         0
                text17                              1BB      1BB       25         0
                text16                              2A9      2A9        2         0
                text15                              23D      23D        8         0
                text14                              295      295        4         0
                text13                              291      291        4         0
                text12                              245      245        7         0
                text11                              2A7      2A7        2         0
                text10                              28D      28D        4         0
                text9                               289      289        4         0
                text8                               285      285        4         0
                text7                               281      281        4         0
                text6                               2A5      2A5        2         0
                text5                               27D      27D        4         0
                text4                               279      279        4         0
                text3                               275      275        4         0
                text2                               271      271        4         0
                text1                               26D      26D        4         0
                maintext                             33       33       9B         0
                inittext                            201      201       13         0
                idataBANK0                          214      214       10         0

        CLASS   STRCODE        

        CLASS   STRING         

        CLASS   CONST          

        CLASS   ENTRY          

        CLASS   COMMON         
                cstackCOMMON                         70       70        7         1
                bssCOMMON                            77       77        6         1

        CLASS   BANK0          
                cstackBANK0                          30       30        B         1
                dataBANK0                            20       20       10         1
                bssBANK0                             3B       3B        A         1

        CLASS   BANK1          

        CLASS   BANK2          

        CLASS   BANK3          

        CLASS   RAM            

        CLASS   ABS1           
                abs_s1                               7E       7E        2         1

        CLASS   SFR0           

        CLASS   SFR1           

        CLASS   SFR2           

        CLASS   SFR3           

        CLASS   CONFIG         
                config                             2007     2007        2         4

        CLASS   IDLOC          
                idloc                              2000     2000        4         5

        CLASS   EEDATA         

        CLASS   STACK          



SEGMENTS        Name                           Load    Length   Top    Selector   Space  Class     Delta

                reset_vec                      000000  000003  000003         0       0  CODE        2
                intentry                       000004  0002A9  0002AD         8       0  CODE        2
                dataBANK0                      000020  000025  000045        20       1  BANK0       1
                cstackCOMMON                   000070  00000D  00007D        70       1  COMMON      1


UNUSED ADDRESS RANGES

        Name                Unused          Largest block    Delta
        BANK0            0045-006F             2B           1
        BANK1            00A0-00EF             50           1
        BANK2            0110-016F             60           1
        BANK3            0190-01EF             60           1
        CODE             0003-0003              1           2
                         02AD-1FFF            800
        COMMON           007D-007D              1           1
        CONST            0003-0003              1           2
                         02AD-1FFF            100
        EEDATA           2100-21FF            100           2
        ENTRY            0003-0003              1           2
                         02AD-1FFF            100
        RAM              0045-006F             2B           1
                         00A0-00EF             50
                         0110-016F             60
                         0190-01EF             60
        SFR0             0000-001F             20           1
        SFR1             0080-009F             20           1
        SFR2             0100-010F             10           1
        SFR3             0180-018F             10           1
        STRCODE          0003-0003              1           2
                         02AD-1FFF           1D53
        STRING           0003-0003              1           2
                         02AD-1FFF            100

                                  Symbol Table

?_ADC_conversion                     cstackCOMMON 0070
?___awdiv                            cstackBANK0  0030
_ADCON0bits                          (abs)        001F
_ADCON1bits                          (abs)        009F
_ADC_8bits                           text29       02A1
_ADC_AN12                            text28       024C
_ADC_clock_fosc8                     text27       0268
_ADC_conversion                      text33       0224
_ADC_interruptions_on                text26       029D
_ADC_on                              text25       0232
_ADC_reference_default               text24       0263
_ADRESH                              (abs)        001E
_ANSEL                               (abs)        0188
_ANSELH                              (abs)        0189
_H1                                  bssBANK0     0043
_H2                                  bssBANK0     0041
_INTCONbits                          (abs)        000B
_IOCBbits                            (abs)        0096
_OPTION_REGbits                      (abs)        0081
_OSCCONbits                          (abs)        008F
_PIE1bits                            (abs)        008C
_PIR1bits                            (abs)        000C
_PORTA                               (abs)        0005
_PORTB                               (abs)        0006
_PORTBbits                           (abs)        0006
_PORTC                               (abs)        0007
_PORTCbits                           (abs)        0007
_PORTD                               (abs)        0008
_PORTE                               (abs)        0009
_TMR0                                (abs)        0001
_TRISA                               (abs)        0085
_TRISB                               (abs)        0086
_TRISBbits                           (abs)        0086
_TRISC                               (abs)        0087
_TRISD                               (abs)        0088
_Timer0_interruption_on              text23       02AB
_Timer0_prescaler256                 text22       0253
_Timer0_source                       text21       025E
_WPUBbits                            (abs)        0095
__Habs1                              abs1         0000
__Hbank0                             bank0        0000
__Hbank1                             bank1        0000
__Hbank2                             bank2        0000
__Hbank3                             bank3        0000
__HbssBANK0                          bssBANK0     0000
__HbssCOMMON                         bssCOMMON    0000
__Hcinit                             cinit        0033
__Hclrtext                           clrtext      0000
__Hcode                              code         0000
__Hcommon                            common       0000
__Hconfig                            config       2009
__HcstackBANK0                       cstackBANK0  0000
__HcstackCOMMON                      cstackCOMMON 0000
__HdataBANK0                         dataBANK0    0000
__Heeprom_data                       eeprom_data  0000
__Hend_init                          end_init     0011
__Hfunctab                           functab      0000
__HidataBANK0                        idataBANK0   0000
__Hidloc                             idloc        2004
__Hinit                              init         000E
__Hinittext                          inittext     0000
__Hintentry                          intentry     000E
__Hmaintext                          maintext     0000
__Hpowerup                           powerup      0000
__Hram                               ram          0000
__Hreset_vec                         reset_vec    0003
__Hsfr0                              sfr0         0000
__Hsfr1                              sfr1         0000
__Hsfr2                              sfr2         0000
__Hsfr3                              sfr3         0000
__Hspace_0                           (abs)        02AD
__Hspace_1                           (abs)        007D
__Hspace_2                           (abs)        0000
__Hspace_3                           (abs)        0000
__Hspace_4                           (abs)        4010
__Hstack                             stack        0000
__Hstrings                           strings      0000
__Htext                              text         0000
__Labs1                              abs1         0000
__Lbank0                             bank0        0000
__Lbank1                             bank1        0000
__Lbank2                             bank2        0000
__Lbank3                             bank3        0000
__LbssBANK0                          bssBANK0     0000
__LbssCOMMON                         bssCOMMON    0000
__Lcinit                             cinit        0011
__Lclrtext                           clrtext      0000
__Lcode                              code         0000
__Lcommon                            common       0000
__Lconfig                            config       0000
__LcstackBANK0                       cstackBANK0  0000
__LcstackCOMMON                      cstackCOMMON 0000
__LdataBANK0                         dataBANK0    0000
__Leeprom_data                       eeprom_data  0000
__Lend_init                          end_init     000E
__Lfunctab                           functab      0000
__LidataBANK0                        idataBANK0   0000
__Lidloc                             idloc        0000
__Linit                              init         000E
__Linittext                          inittext     0000
__Lintentry                          intentry     0004
__Lmaintext                          maintext     0000
__Lpowerup                           powerup      0000
__Lram                               ram          0000
__Lreset_vec                         reset_vec    0000
__Lsfr0                              sfr0         0000
__Lsfr1                              sfr1         0000
__Lsfr2                              sfr2         0000
__Lsfr3                              sfr3         0000
__Lspace_0                           (abs)        0000
__Lspace_1                           (abs)        0000
__Lspace_2                           (abs)        0000
__Lspace_3                           (abs)        0000
__Lspace_4                           (abs)        0000
__Lstack                             stack        0000
__Lstrings                           strings      0000
__Ltext                              text         0000
__S0                                 (abs)        02AD
__S1                                 (abs)        007D
__S3                                 (abs)        0000
___awdiv                             text18       00CE
___awdiv@counter                     cstackBANK0  0035
___awdiv@dividend                    cstackBANK0  0032
___awdiv@divisor                     cstackBANK0  0030
___awdiv@quotient                    cstackBANK0  0037
___awdiv@sign                        cstackBANK0  0036
___int_sp                            stack        0000
___latbits                           (abs)        0002
___sp                                stack        0000
___stackhi                           (abs)        0000
___stacklo                           (abs)        0000
__end_of_ADC_8bits                   text29       02A5
__end_of_ADC_AN12                    text28       0253
__end_of_ADC_clock_fosc8             text27       026D
__end_of_ADC_conversion              text33       0232
__end_of_ADC_interruptions_on        text26       02A1
__end_of_ADC_on                      text25       023D
__end_of_ADC_reference_default       text24       0268
__end_of_Timer0_interruption_on      text23       02AD
__end_of_Timer0_prescaler256         text22       0259
__end_of_Timer0_source               text21       0263
__end_of___awdiv                     text18       0137
__end_of__initialization             cinit        002F
__end_of_analog_12                   text20       025E
__end_of_contador                    text32       01BB
__end_of_digital_low                 text19       029D
__end_of_display_hex                 text17       01E0
__end_of_global_interruptions_on     text16       02AB
__end_of_initiateports               text15       0245
__end_of_interrupt_onchange_RB6      text14       0299
__end_of_interrupt_onchange_RB7      text13       0295
__end_of_isr                         text30       0189
__end_of_main                        maintext     00CE
__end_of_mux                         text31       0201
__end_of_osc4MHz                     text12       024C
__end_of_peripheral_interruptions_on text11       02A9
__end_of_pinRB0_digin                text10       0291
__end_of_pinRB6_digin                text9        028D
__end_of_pinRB7_digin                text8        0289
__end_of_portA_digout                text7        0285
__end_of_portB_interruptions_on      text6        02A7
__end_of_portB_pullups               text5        0281
__end_of_portC_digout                text4        027D
__end_of_portD_digout                text3        0279
__end_of_pullup_RB6                  text2        0275
__end_of_pullup_RB7                  text1        0271
__initialization                     cinit        0011
__pbssBANK0                          bssBANK0     003B
__pbssCOMMON                         bssCOMMON    0077
__pcstackBANK0                       cstackBANK0  0030
__pcstackCOMMON                      cstackCOMMON 0070
__pdataBANK0                         dataBANK0    0020
__pidataBANK0                        idataBANK0   0214
__pintentry                          intentry     0004
__pmaintext                          maintext     0033
__ptext1                             text1        026D
__ptext10                            text10       028D
__ptext11                            text11       02A7
__ptext12                            text12       0245
__ptext13                            text13       0291
__ptext14                            text14       0295
__ptext15                            text15       023D
__ptext16                            text16       02A9
__ptext17                            text17       01BB
__ptext18                            text18       00CE
__ptext19                            text19       0299
__ptext2                             text2        0271
__ptext20                            text20       0259
__ptext21                            text21       025E
__ptext22                            text22       0253
__ptext23                            text23       02AB
__ptext24                            text24       0263
__ptext25                            text25       0232
__ptext26                            text26       029D
__ptext27                            text27       0268
__ptext28                            text28       024C
__ptext29                            text29       02A1
__ptext3                             text3        0275
__ptext30                            text30       0137
__ptext31                            text31       01E0
__ptext32                            text32       0189
__ptext33                            text33       0224
__ptext4                             text4        0279
__ptext5                             text5        027D
__ptext6                             text6        02A5
__ptext7                             text7        0281
__ptext8                             text8        0285
__ptext9                             text9        0289
_analog_12                           text20       0259
_bandera                             bssCOMMON    0079
_contador                            text32       0189
_digital_low                         text19       0299
_digital_value                       bssCOMMON    007B
_display_hex                         text17       01BB
_global_interruptions_on             text16       02A9
_initiateports                       text15       023D
_interrupt_onchange_RB6              text14       0295
_interrupt_onchange_RB7              text13       0291
_isr                                 text30       0137
_main                                maintext     0033
_mux                                 text31       01E0
_num_adc                             bssBANK0     003B
_nums                                dataBANK0    0020
_osc4MHz                             text12       0245
_peripheral_interruptions_on         text11       02A7
_pinRB0_digin                        text10       028D
_pinRB6_digin                        text9        0289
_pinRB7_digin                        text8        0285
_portA_digout                        text7        0281
_portB_interruptions_on              text6        02A5
_portB_pullups                       text5        027D
_portC_digout                        text4        0279
_portD_digout                        text3        0275
_pullup_RB6                          text2        0271
_pullup_RB7                          text1        026D
_select                              bssCOMMON    0077
btemp                                (abs)        007E
display_hex@value                    cstackBANK0  0039
end_of_initialization                cinit        002F
init_fetch0                          inittext     0201
init_ram0                            inittext     0205
interrupt_function                   intentry     0004
intlevel0                            functab      0000
intlevel1                            functab      0000
intlevel2                            functab      0000
intlevel3                            functab      0000
intlevel4                            functab      0000
intlevel5                            functab      0000
mux@selector                         cstackCOMMON 0070
reset_vec                            reset_vec    0000
saved_w                              (abs)        007E
start                                init         000E
start_initialization                 cinit        0011
wtemp0                               (abs)        007E


MODULE INFORMATION

Module		Function		Class		Link	Load	Size
shared
		__initialization		CODE           	0011	0000	30

shared estimated size: 30

E:\Program Files\Microchip\xc8\v2.40\pic\sources\c90\common\awdiv.c
		___awdiv       		CODE           	00CE	0000	105

E:\Program Files\Microchip\xc8\v2.40\pic\sources\c90\common\awdiv.c estimated size: 105

ADC_setup.c
		_ADC_on        		CODE           	0232	0000	11
		_ADC_clock_fosc8		CODE           	0268	0000	5
		_ADC_reference_default		CODE           	0263	0000	5
		_ADC_conversion		CODE           	0224	0000	14
		_ADC_8bits     		CODE           	02A1	0000	4
		_ADC_AN12      		CODE           	024C	0000	7

ADC_setup.c estimated size: 46

setup.c
		_pinRB7_digin  		CODE           	0285	0000	4
		_interrupt_onchange_RB6		CODE           	0295	0000	4
		_Timer0_source 		CODE           	025E	0000	5
		_Timer0_prescaler256		CODE           	0253	0000	6
		_portA_digout  		CODE           	0281	0000	4
		_interrupt_onchange_RB7		CODE           	0291	0000	4
		_osc4MHz       		CODE           	0245	0000	7
		_initiateports 		CODE           	023D	0000	8
		_global_interruptions_on		CODE           	02A9	0000	2
		_digital_low   		CODE           	0299	0000	4
		_peripheral_interruptions_on		CODE           	02A7	0000	2
		_portB_interruptions_on		CODE           	02A5	0000	2
		_pinRB0_digin  		CODE           	028D	0000	4
		_portC_digout  		CODE           	0279	0000	4
		_Timer0_interruption_on		CODE           	02AB	0000	2
		_pinRB6_digin  		CODE           	0289	0000	4
		_ADC_interruptions_on		CODE           	029D	0000	4
		_pullup_RB6    		CODE           	0271	0000	4
		_pullup_RB7    		CODE           	026D	0000	4
		_portB_pullups 		CODE           	027D	0000	4
		_portD_digout  		CODE           	0275	0000	4
		_analog_12     		CODE           	0259	0000	5

setup.c estimated size: 91

main.c
		_main          		CODE           	0033	0000	155
		_isr           		CODE           	0137	0000	82
		_contador      		CODE           	0189	0000	50

main.c estimated size: 287

displays.c
		_display_hex   		CODE           	01BB	0000	37
		_mux           		CODE           	01E0	0000	33

displays.c estimated size: 70

